\BOOKMARK [1][-]{section.1}{\376\377\000M\000e\000t\000h\000o\000d\000\040\000o\000f\000\040\000C\000h\000a\000r\000a\000c\000t\000e\000r\000i\000s\000t\000i\000c\000s}{}% 1
\BOOKMARK [2][-]{subsection.1.1}{\376\377\000I\000n\000t\000r\000o\000d\000u\000c\000t\000i\000o\000n\000\040\000a\000n\000d\000\040\000L\000i\000n\000e\000a\000r\000\040\000E\000q\000u\000a\000t\000i\000o\000n\000s}{section.1}% 2
\BOOKMARK [3][-]{subsubsection.1.1.1}{\376\377\000I\000n\000t\000r\000o\000d\000u\000c\000t\000i\000o\000n}{subsection.1.1}% 3
\BOOKMARK [3][-]{subsubsection.1.1.2}{\376\377\000L\000i\000n\000e\000a\000r\000\040\000E\000q\000u\000a\000t\000i\000o\000n\000s}{subsection.1.1}% 4
\BOOKMARK [2][-]{subsection.1.2}{\376\377\000Q\000u\000a\000s\000i\000l\000i\000n\000e\000a\000r\000\040\000E\000q\000u\000a\000t\000i\000o\000n\000s}{section.1}% 5
\BOOKMARK [3][-]{subsubsection.1.2.1}{\376\377\000B\000u\000r\000g\000e\000r\000s\000'\000\040\000E\000q\000u\000a\000t\000i\000o\000n}{subsection.1.2}% 6
\BOOKMARK [3][-]{subsubsection.1.2.2}{\376\377\000D\000e\000f\000i\000n\000i\000t\000i\000o\000n\000\040\000o\000f\000\040\000I\000n\000t\000e\000g\000r\000a\000l\000\040\000S\000u\000r\000f\000a\000c\000e}{subsection.1.2}% 7
\BOOKMARK [3][-]{subsubsection.1.2.3}{\376\377\000T\000h\000e\000o\000r\000e\000m\000\040\000a\000n\000d\000\040\000P\000r\000o\000o\000f\000\040\000\050\000A\000p\000p\000l\000i\000c\000a\000t\000i\000o\000n\000\040\000o\000f\000\040\000I\000m\000p\000l\000i\000c\000i\000t\000\040\000F\000u\000n\000c\000t\000i\000o\000n\000\040\000T\000h\000e\000o\000r\000e\000m\000\051}{subsection.1.2}% 8
\BOOKMARK [2][-]{subsection.1.3}{\376\377\000G\000e\000n\000e\000r\000a\000l\000\040\000F\000i\000r\000s\000t\000-\000O\000r\000d\000e\000r\000\040\000E\000q\000u\000a\000t\000i\000o\000n\000\040\000i\000n\000\040\000T\000w\000o\000\040\000V\000a\000r\000i\000a\000b\000l\000e\000s}{section.1}% 9
\BOOKMARK [3][-]{subsubsection.1.3.1}{\376\377\000I\000d\000e\000a\000\040\000o\000f\000\040\000t\000h\000e\000\040\000P\000r\000o\000o\000f\000\040\000i\000n\000\040\000S\000t\000e\000p\000s}{subsection.1.3}% 10
\BOOKMARK [3][-]{subsubsection.1.3.2}{\376\377\000S\000t\000e\000p\000-\000b\000y\000-\000S\000t\000e\000p\000\040\000C\000a\000l\000c\000u\000l\000a\000t\000i\000o\000n}{subsection.1.3}% 11
\BOOKMARK [3][-]{subsubsection.1.3.3}{\376\377\000G\000e\000o\000m\000e\000t\000r\000i\000c\000\040\000E\000x\000p\000l\000a\000n\000a\000t\000i\000o\000n\000\040\000o\000f\000\040\000t\000h\000e\000\040\000M\000o\000n\000g\000e\000\040\000C\000o\000n\000e}{subsection.1.3}% 12
\BOOKMARK [2][-]{subsection.1.4}{\376\377\000F\000i\000r\000s\000t\000-\000O\000r\000d\000e\000r\000\040\000E\000q\000u\000a\000t\000i\000o\000n\000\040\000i\000n\000\040\000S\000e\000v\000e\000r\000a\000l\000\040\000V\000a\000r\000i\000a\000b\000l\000e\000s}{section.1}% 13
\BOOKMARK [3][-]{subsubsection.1.4.1}{\376\377\000L\000i\000n\000e\000a\000r\000\040\000F\000i\000r\000s\000t\000-\000O\000r\000d\000e\000r\000\040\000E\000q\000u\000a\000t\000i\000o\000n}{subsection.1.4}% 14
\BOOKMARK [3][-]{subsubsection.1.4.2}{\376\377\000Q\000u\000a\000s\000i\000l\000i\000n\000e\000a\000r\000\040\000E\000q\000u\000a\000t\000i\000o\000n}{subsection.1.4}% 15
\BOOKMARK [3][-]{subsubsection.1.4.3}{\376\377\000G\000e\000n\000e\000r\000a\000l\000\040\000N\000o\000n\000l\000i\000n\000e\000a\000r\000\040\000E\000q\000u\000a\000t\000i\000o\000n}{subsection.1.4}% 16
\BOOKMARK [1][-]{section.2}{\376\377\000L\000a\000p\000l\000a\000c\000e\000'\000s\000\040\000E\000q\000u\000a\000t\000i\000o\000n}{}% 17
\BOOKMARK [2][-]{subsection.2.1}{\376\377\000D\000e\000f\000i\000n\000i\000t\000i\000o\000n\000s}{section.2}% 18
\BOOKMARK [2][-]{subsection.2.2}{\376\377\000R\000o\000t\000a\000t\000i\000o\000n\000a\000l\000\040\000I\000n\000v\000a\000r\000i\000a\000n\000c\000e\000\040\000o\000f\000\040\000t\000h\000e\000\040\000L\000a\000p\000l\000a\000c\000i\000a\000n}{section.2}% 19
\BOOKMARK [3][-]{subsubsection.2.2.1}{\376\377\0002\000D\000\040\000C\000a\000s\000e\000\040\000w\000i\000t\000h\000\040\0002\000\040\0002\000\040\000M\000a\000t\000r\000i\000x}{subsection.2.2}% 20
\BOOKMARK [3][-]{subsubsection.2.2.2}{\376\377\000R\000n\000\040\000C\000a\000s\000e}{subsection.2.2}% 21
\BOOKMARK [2][-]{subsection.2.3}{\376\377\000D\000e\000r\000i\000v\000a\000t\000i\000o\000n\000\040\000o\000f\000\040\000t\000h\000e\000\040\000F\000u\000n\000d\000a\000m\000e\000n\000t\000a\000l\000\040\000S\000o\000l\000u\000t\000i\000o\000n}{section.2}% 22
\BOOKMARK [3][-]{subsubsection.2.3.1}{\376\377\000R\000a\000d\000i\000a\000l\000\040\000F\000o\000r\000m\000u\000l\000a\000\040\000f\000o\000r\000\040\000L\000a\000p\000l\000a\000c\000i\000a\000n}{subsection.2.3}% 23
\BOOKMARK [3][-]{subsubsection.2.3.2}{\376\377\000S\000o\000l\000v\000i\000n\000g\000\040\000t\000h\000e\000\040\000O\000D\000E}{subsection.2.3}% 24
\BOOKMARK [3][-]{subsubsection.2.3.3}{\376\377\000D\000e\000f\000i\000n\000i\000n\000g\000\040\000t\000h\000e\000\040\000F\000u\000n\000d\000a\000m\000e\000n\000t\000a\000l\000\040\000S\000o\000l\000u\000t\000i\000o\000n}{subsection.2.3}% 25
\BOOKMARK [3][-]{subsubsection.2.3.4}{\376\377\000E\000s\000t\000i\000m\000a\000t\000e\000s\000\040\000o\000f\000\040\000D\000e\000r\000i\000v\000a\000t\000i\000v\000e\000s}{subsection.2.3}% 26
\BOOKMARK [2][-]{subsection.2.4}{\376\377\000P\000o\000l\000a\000r\000\040\000C\000o\000o\000r\000d\000i\000n\000a\000t\000e\000s\000,\000\040\000V\000o\000l\000u\000m\000e\000,\000\040\000a\000n\000d\000\040\000I\000n\000t\000e\000g\000r\000a\000b\000i\000l\000i\000t\000y}{section.2}% 27
\BOOKMARK [3][-]{subsubsection.2.4.1}{\376\377\000P\000o\000l\000a\000r\000\040\000C\000o\000o\000r\000d\000i\000n\000a\000t\000e\000s\000\040\000i\000n\000\040\000I\000n\000t\000e\000g\000r\000a\000t\000i\000o\000n}{subsection.2.4}% 28
\BOOKMARK [3][-]{subsubsection.2.4.2}{\376\377\000L\000o\000c\000a\000l\000\040\000I\000n\000t\000e\000g\000r\000a\000b\000i\000l\000i\000t\000y\000\040\000L\000e\000m\000m\000a}{subsection.2.4}% 29
\BOOKMARK [2][-]{subsection.2.5}{\376\377\000P\000o\000i\000s\000s\000o\000n\000'\000s\000\040\000E\000q\000u\000a\000t\000i\000o\000n\000\040\000a\000n\000d\000\040\000C\000o\000n\000v\000o\000l\000u\000t\000i\000o\000n}{section.2}% 30
\BOOKMARK [3][-]{subsubsection.2.5.1}{\376\377\000D\000e\000f\000i\000n\000i\000t\000i\000o\000n\000\040\000o\000f\000\040\000C\000o\000n\000v\000o\000l\000u\000t\000i\000o\000n}{subsection.2.5}% 31
\BOOKMARK [3][-]{subsubsection.2.5.2}{\376\377\000C\000o\000m\000m\000u\000t\000a\000t\000i\000v\000i\000t\000y\000\040\000o\000f\000\040\000C\000o\000n\000v\000o\000l\000u\000t\000i\000o\000n}{subsection.2.5}% 32
\BOOKMARK [3][-]{subsubsection.2.5.3}{\376\377\000T\000h\000e\000\040\000D\000i\000f\000f\000i\000c\000u\000l\000t\000y}{subsection.2.5}% 33
\BOOKMARK [2][-]{subsection.2.6}{\376\377\000C\000o\000m\000p\000a\000c\000t\000\040\000S\000u\000p\000p\000o\000r\000t\000\040\000a\000n\000d\000\040\000P\000r\000o\000p\000e\000r\000t\000i\000e\000s\000\040\000o\000f\000\040\000C\000o\000n\000v\000o\000l\000u\000t\000i\000o\000n}{section.2}% 34
\BOOKMARK [3][-]{subsubsection.2.6.1}{\376\377\000C\000o\000m\000p\000a\000c\000t\000\040\000S\000u\000p\000p\000o\000r\000t}{subsection.2.6}% 35
\BOOKMARK [3][-]{subsubsection.2.6.2}{\376\377\000S\000u\000p\000p\000o\000r\000t\000\040\000o\000f\000\040\000C\000o\000n\000v\000o\000l\000u\000t\000i\000o\000n}{subsection.2.6}% 36
\BOOKMARK [3][-]{subsubsection.2.6.3}{\376\377\000S\000m\000o\000o\000t\000h\000n\000e\000s\000s\000\040\000o\000f\000\040\000C\000o\000n\000v\000o\000l\000u\000t\000i\000o\000n}{subsection.2.6}% 37
